---
source: src/main.rs
---
Black plays at (0, 0)...  => Ok(None)

. . . . . . . . .    x . . . . . . . .
. . . . . . . . .    . . . . . . . . .
. . . . . . . . .    . . . . . . . . .
. . . . . . . . .    . . . . . . . . .
. . . . . . . . .    . . . . . . . . .
. . . . . . . . .    . . . . . . . . .
. . . . . . . . .    . . . . . . . . .
. . . . . . . . .    . . . . . . . . .
. . . . . . . . .    . . . . . . . . .
Black to play...     Black to spin...
